// Jest Snapshot v1, https://goo.gl/fbAQLP

exports[`render profile snapshot profile page 1`] = `ShallowWrapper {}`;
