// Jest Snapshot v1, https://goo.gl/fbAQLP

exports[`Render Register Component Register Snapshot 1`] = `ShallowWrapper {}`;
