// Jest Snapshot v1, https://goo.gl/fbAQLP

exports[`render App snapshot app page 1`] = `ShallowWrapper {}`;
