// Jest Snapshot v1, https://goo.gl/fbAQLP

exports[`Render Home render app properly 1`] = `ShallowWrapper {}`;
