// Jest Snapshot v1, https://goo.gl/fbAQLP

exports[`Render App render Form properly 1`] = `ShallowWrapper {}`;
